2025-07-03 20:33:14,551 - norm_func called at 2025-07-03T20:33:14.551528 with args: (10, 2) and kwargs: {}
2025-07-03 20:33:14,551 - norm_func called at 2025-07-03T20:33:14.551528 with args: (10, 2) and kwargs: {}
2025-07-03 20:33:14,551 - norm_func result: 12
2025-07-03 20:33:14,551 - norm_func result: 12
2025-07-03 20:33:14,594 - error_func called at 2025-07-03T20:33:14.594566 with args: (1, 0) and kwargs: {}
2025-07-03 20:33:14,594 - error_func called at 2025-07-03T20:33:14.594566 with args: (1, 0) and kwargs: {}
2025-07-03 20:33:14,594 - error_func error: ZeroDivisionError. Inputs: (1, 0), {}
2025-07-03 20:33:14,594 - error_func error: ZeroDivisionError. Inputs: (1, 0), {}
2025-07-03 20:38:08,316 - norm_func called at 2025-07-03T20:38:08.316425 with args: (10, 2) and kwargs: {}
2025-07-03 20:38:08,316 - norm_func called at 2025-07-03T20:38:08.316425 with args: (10, 2) and kwargs: {}
2025-07-03 20:38:08,317 - norm_func result: 12
2025-07-03 20:38:08,317 - norm_func result: 12
2025-07-03 20:38:08,367 - error_func called at 2025-07-03T20:38:08.367036 with args: (1, 0) and kwargs: {}
2025-07-03 20:38:08,367 - error_func called at 2025-07-03T20:38:08.367036 with args: (1, 0) and kwargs: {}
2025-07-03 20:38:08,367 - error_func error: ZeroDivisionError. Inputs: (1, 0), {}
2025-07-03 20:38:08,367 - error_func error: ZeroDivisionError. Inputs: (1, 0), {}
2025-07-03 20:40:38,968 - norm_func called at 2025-07-03T20:40:38.968510 with args: (1, 2) and kwargs: {}
2025-07-03 20:40:38,968 - norm_func called at 2025-07-03T20:40:38.968510 with args: (1, 2) and kwargs: {}
2025-07-03 20:40:38,969 - norm_func result: 3
2025-07-03 20:40:38,969 - norm_func result: 3
2025-07-03 20:40:38,971 - error_func called at 2025-07-03T20:40:38.971357 with args: (1, 0) and kwargs: {}
2025-07-03 20:40:38,971 - error_func called at 2025-07-03T20:40:38.971357 with args: (1, 0) and kwargs: {}
2025-07-03 20:40:38,971 - error_func error: ZeroDivisionError. Inputs: (1, 0), {}
2025-07-03 20:40:38,971 - error_func error: ZeroDivisionError. Inputs: (1, 0), {}
2025-07-03 20:41:22,884 - norm_func called at 2025-07-03T20:41:22.884542 with args: (1, 2) and kwargs: {}
2025-07-03 20:41:22,884 - norm_func called at 2025-07-03T20:41:22.884542 with args: (1, 2) and kwargs: {}
2025-07-03 20:41:22,884 - norm_func result: 3
2025-07-03 20:41:22,884 - norm_func result: 3
2025-07-03 20:41:22,886 - error_func called at 2025-07-03T20:41:22.886951 with args: (1, 0) and kwargs: {}
2025-07-03 20:41:22,886 - error_func called at 2025-07-03T20:41:22.886951 with args: (1, 0) and kwargs: {}
2025-07-03 20:41:22,887 - error_func error: ZeroDivisionError. Inputs: (1, 0), {}
2025-07-03 20:41:22,887 - error_func error: ZeroDivisionError. Inputs: (1, 0), {}
2025-07-03 20:41:38,444 - norm_func called at 2025-07-03T20:41:38.444483 with args: (10, 2) and kwargs: {}
2025-07-03 20:41:38,444 - norm_func called at 2025-07-03T20:41:38.444483 with args: (10, 2) and kwargs: {}
2025-07-03 20:41:38,444 - norm_func result: 12
2025-07-03 20:41:38,444 - norm_func result: 12
2025-07-03 20:41:38,496 - error_func called at 2025-07-03T20:41:38.496663 with args: (1, 0) and kwargs: {}
2025-07-03 20:41:38,496 - error_func called at 2025-07-03T20:41:38.496663 with args: (1, 0) and kwargs: {}
2025-07-03 20:41:38,496 - error_func error: ZeroDivisionError. Inputs: (1, 0), {}
2025-07-03 20:41:38,496 - error_func error: ZeroDivisionError. Inputs: (1, 0), {}
2025-07-03 20:42:13,168 - norm_func called at 2025-07-03T20:42:13.168243 with args: (10, 2) and kwargs: {}
2025-07-03 20:42:13,168 - norm_func called at 2025-07-03T20:42:13.168243 with args: (10, 2) and kwargs: {}
2025-07-03 20:42:13,168 - norm_func result: 12
2025-07-03 20:42:13,168 - norm_func result: 12
2025-07-03 20:42:13,171 - error_func called at 2025-07-03T20:42:13.171121 with args: (1, 0) and kwargs: {}
2025-07-03 20:42:13,171 - error_func called at 2025-07-03T20:42:13.171121 with args: (1, 0) and kwargs: {}
2025-07-03 20:42:13,171 - error_func error: ZeroDivisionError. Inputs: (1, 0), {}
2025-07-03 20:42:13,171 - error_func error: ZeroDivisionError. Inputs: (1, 0), {}
